[1m[44m[37m SSL/TLS Connection Test Results [0m
[36m════════════════════════════════════════════════════════════════════════════════[0m

[1m[34mBasic Information[0m
[34m────────────────────────────────────────────────────────────────────────────────[0m
[1mHost:[0m [33mexample.com[0m
[1mPort:[0m [33m443[0m

[1m[37m[42m ✓ Secure [0m

[1m[34mProtocol Information[0m
[34m────────────────────────────────────────────────────────────────────────────────[0m
[1mProtocol Version:[0m TLSv1.3
[1mCipher Suite:[0m TLS_AES_256_GCM_SHA384
[1mHandshake Time:[0m 480ms

[1m[34mCertificate Chain[0m
[34m────────────────────────────────────────────────────────────────────────────────[0m
[1m[36mCertificate 1[0m
[34m┌──────────────────────────────────────────────────────────────────────────────[0m
[34m│[0m [1mSubject:[0m CN=*.example.com, O=Internet Corporation for Assigned Names 
[34m│[0m [1mSubject:[0m and Numbers, L=Los Angeles, ST=California, C=US
[34m│[0m [1mIssuer:[0m CN=DigiCert Global G3 TLS ECC SHA384 2020 CA1, O=DigiCert In
[34m│[0m [1mIssuer:[0m c, C=US
[34m│[0m [1mValid From:[0m 2025-01-15 08:00:00
[34m│[0m [1mValid Until:[0m 2026-01-16 07:59:59
[34m│[0m [1mSHA-256:[0m 45:59:43:CF:81:94:25:76:1D:1F:95:02:63:EB:F5:47:55:D8:D6:84:
[34m│[0m [1mSHA-256:[0m C2:55:35:94:39:76:F4:88:BC:79:D2:3B
[34m└──────────────────────────────────────────────────────────────────────────────[0m

[1m[36mCertificate 2[0m
[34m┌──────────────────────────────────────────────────────────────────────────────[0m
[34m│[0m [1mSubject:[0m CN=DigiCert Global G3 TLS ECC SHA384 2020 CA1, O=DigiCert In
[34m│[0m [1mSubject:[0m c, C=US
[34m│[0m [1mIssuer:[0m CN=DigiCert Global Root G3, OU=www.digicert.com, O=DigiCert 
[34m│[0m [1mIssuer:[0m Inc, C=US
[34m│[0m [1mValid From:[0m 2021-04-14 08:00:00
[34m│[0m [1mValid Until:[0m 2031-04-14 07:59:59
[34m│[0m [1mSHA-256:[0m 05:87:D6:BD:28:19:58:7A:B9:0F:B5:96:48:0A:57:93:BD:9F:75:06:
[34m│[0m [1mSHA-256:[0m A3:EA:CE:73:F5:EA:B3:66:01:7F:E2:59
[34m└──────────────────────────────────────────────────────────────────────────────[0m


[36m════════════════════════════════════════════════════════════════════════════════[0m
[1m[36mTest Completed: 2025-06-25 16:25:49[0m
